#-----------------------------------------------------------
# Vivado v2024.1 (64-bit)
# SW Build 5076996 on Wed May 22 18:37:14 MDT 2024
# IP Build 5075265 on Wed May 22 21:45:21 MDT 2024
# SharedData Build 5076995 on Wed May 22 18:29:18 MDT 2024
# Start of session at: Mon Feb 10 22:58:39 2025
# Process ID: 16980
# Current directory: C:/Users/Usuario/Desktop/TRABAJO SED/trabajo_sed
# Command line: vivado.exe -gui_launcher_event rodinguilauncherevent428 C:\Users\Usuario\Desktop\TRABAJO SED\trabajo_sed\trabajo_sed.xpr
# Log file: C:/Users/Usuario/Desktop/TRABAJO SED/trabajo_sed/vivado.log
# Journal file: C:/Users/Usuario/Desktop/TRABAJO SED/trabajo_sed\vivado.jou
# Running On        :DESKTOP-QANP9RO
# Platform          :Windows Server 2016 or Windows 10
# Operating System  :19045
# Processor Detail  :AMD A9-9425 RADEON R5, 5 COMPUTE CORES 2C+3G   
# CPU Frequency     :3094 MHz
# CPU Physical cores:2
# CPU Logical cores :2
# Host memory       :8017 MB
# Swap memory       :3112 MB
# Total Virtual     :11129 MB
# Available Virtual :4160 MB
#-----------------------------------------------------------
start_gui
open_project {C:/Users/Usuario/Desktop/TRABAJO SED/trabajo_sed/trabajo_sed.xpr}
update_compile_order -fileset sources_1
